Fresh Ironwood.master:
edx@edx:/Database/mig$ mysql -uroot -p < FI27/mysql-structure-data-20200702T182214.sql 
Enter password: 

.............................................................
edx@edx:/Database/mig$ mongorestore -u edxadmin -p password -h localhost --authenticationDatabase admin --drop -d cs_comments_service  FI27/mongo-dump-20200702T182214/cs_comments_service

.............................................................
edx@edx:/Database/mig$ mongorestore -u edxadmin -p password -h localhost --authenticationDatabase admin --drop -d edxapp  FI27/mongo-dump-20200702T182214/edxapp

==============================================================================================================================================
Restore data of Hawthorn on Ironwood.master:
edx@edx:/Database/mig/MH26_R2$ mysql -uroot -p <mysql-structure-data-20200812T171541.sql 
Enter password:
.............................................................
edx@edx:/Database/mig/MH26_R2$ mongorestore -u edxadmin -p password -h localhost --authenticationDatabase admin --drop -d cs_comments_service mongo-dump-20200812T171541/cs_comments_service
.............................................................
edx@edx:/Database/mig/MH26_R2$ mongorestore -u edxadmin -p password -h localhost --authenticationDatabase admin --drop -d edxapp  mongo-dump-20200812T171541/edxapp
.............................................................
==============================================================================================================================================
edx@edx:/var/tmp/configuration$ git branch
  master
* open-release/ironwood.master
edx@edx:/var/tmp/configuration$ git diff
diff --git a/playbooks/roles/edxapp/defaults/main.yml b/playbooks/roles/edxapp/defaults/main.yml
index 8700376..e62afcd 100644
--- a/playbooks/roles/edxapp/defaults/main.yml
+++ b/playbooks/roles/edxapp/defaults/main.yml
@@ -217,7 +217,7 @@ EDXAPP_ENABLE_EDXNOTES: false
 EDXAPP_ENABLE_CREDIT_ELIGIBILITY: false
 EDXAPP_ENABLE_CREDIT_API: false
 
-EDXAPP_CUSTOM_COURSES_EDX: false
+EDXAPP_CUSTOM_COURSES_EDX: true
 
 EDXAPP_ENABLE_SYSADMIN_DASHBOARD: false
 # This is different from lms/envs/common.py
 .............................................................
 
edx@edx:/var/tmp/configuration$ cd
edx@edx:~$ sudo su - -s /bin/bash edxapp
[sudo] password for edx: 
edxapp@edx:~$ . edxapp_env
edxapp@edx:~$ cd edx-platform/
edxapp@edx:~/edx-platform$ python manage.py lms drop_djcelery_tables --settings=aws
WARNING:py.warnings:/edx/app/edxapp/edx-platform/lms/djangoapps/courseware/__init__.py:5: DeprecationWarning: Importing 'lms.djangoapps.courseware' as 'courseware' is no longer supported
  warnings.warn("Importing 'lms.djangoapps.courseware' as 'courseware' is no longer supported", DeprecationWarning)

WARNING:root:DEPRECATION WARNING: aws.py has been deprecated, you should use production.py instead.
2021-06-02 01:51:49,702 WARNING 31961 [enterprise.utils] utils.py:50 - Could not import Registry from third_party_auth.provider
2021-06-02 01:51:49,703 WARNING 31961 [enterprise.utils] utils.py:51 - cannot import name _LTI_BACKENDS
2021-06-02 01:52:00,966 INFO 31961 [celery_utils.management.commands.drop_djcelery_tables] drop_djcelery_tables.py:51 - Acquiring tables locks on `djcelery_periodictask`, `djcelery_taskstate`, `djcelery_crontabschedule`, `celery_tasksetmeta`, `djcelery_workerstate`, `djcelery_periodictasks`, `celery_taskmeta`, `djcelery_intervalschedule`
2021-06-02 01:52:00,966 INFO 31961 [celery_utils.management.commands.drop_djcelery_tables] drop_djcelery_tables.py:45 - table lock raw SQL:
LOCK TABLES `djcelery_periodictask` WRITE, `djcelery_taskstate` WRITE, `djcelery_crontabschedule` WRITE, `celery_tasksetmeta` WRITE, `djcelery_workerstate` WRITE, `djcelery_periodictasks` WRITE, `celery_taskmeta` WRITE, `djcelery_intervalschedule` WRITE
Traceback (most recent call last):
  File "manage.py", line 123, in <module>
    execute_from_command_line([sys.argv[0]] + django_args)
  File "/edx/app/edxapp/venvs/edxapp/local/lib/python2.7/site-packages/django/core/management/__init__.py", line 364, in execute_from_command_line
    utility.execute()
  File "/edx/app/edxapp/venvs/edxapp/local/lib/python2.7/site-packages/django/core/management/__init__.py", line 356, in execute
    self.fetch_command(subcommand).run_from_argv(self.argv)
  File "/edx/app/edxapp/venvs/edxapp/local/lib/python2.7/site-packages/django/core/management/base.py", line 283, in run_from_argv
    self.execute(*args, **cmd_options)
  File "/edx/app/edxapp/venvs/edxapp/local/lib/python2.7/site-packages/django/core/management/base.py", line 330, in execute
    output = self.handle(*args, **options)
  File "/edx/app/edxapp/venvs/edxapp/local/lib/python2.7/site-packages/celery_utils/management/commands/drop_djcelery_tables.py", line 58, in handle
    self._log_execute(cursor, lock_sql, 'table lock')
  File "/edx/app/edxapp/venvs/edxapp/local/lib/python2.7/site-packages/celery_utils/management/commands/drop_djcelery_tables.py", line 46, in _log_execute
    cursor.execute(sql)
  File "/edx/app/edxapp/venvs/edxapp/local/lib/python2.7/site-packages/django/db/backends/utils.py", line 64, in execute
    return self.cursor.execute(sql, params)
  File "/edx/app/edxapp/venvs/edxapp/local/lib/python2.7/site-packages/django/db/utils.py", line 94, in __exit__
    six.reraise(dj_exc_type, dj_exc_value, traceback)
  File "/edx/app/edxapp/venvs/edxapp/local/lib/python2.7/site-packages/django/db/backends/utils.py", line 62, in execute
    return self.cursor.execute(sql)
  File "/edx/app/edxapp/venvs/edxapp/local/lib/python2.7/site-packages/django/db/backends/mysql/base.py", line 101, in execute
    return self.cursor.execute(query, args)
  File "/edx/app/edxapp/venvs/edxapp/local/lib/python2.7/site-packages/MySQLdb/cursors.py", line 205, in execute
    self.errorhandler(self, exc, value)
  File "/edx/app/edxapp/venvs/edxapp/local/lib/python2.7/site-packages/MySQLdb/connections.py", line 36, in defaulterrorhandler
    raise errorclass, errorvalue
django.db.utils.ProgrammingError: (1146, "Table 'edxapp.djcelery_periodictask' doesn't exist")
edxapp@edx:~/edx-platform$ exit
logout
edx@edx:~$ cd /var/tmp/configuration/
edx@edx:/var/tmp/configuration$ git branch
  master
* open-release/ironwood.master
edx@edx:/var/tmp/configuration$ export OPENEDX_RELEASE=open-release/ironwood.master
edx@edx:/var/tmp/configuration$ cd ;sudo vi /edx/app/edx_ansible/edx_ansible/util/install/native.sh
[sudo] password for edx: 
edx@edx:~$ /edx/app/edx_ansible/edx_ansible/util/install/native.sh --tags migrate
Capturing output to logs/install-20210602-114047.log
Installation started at 2021-06-02 11:40:47
Installing release 'open-release/ironwood.master'
Reading package lists...
Building dependency tree...
Reading state information...
python-software-properties is already the newest version (0.96.20.10).
0 upgraded, 0 newly installed, 0 to remove and 218 not upgraded.
gpg: keyring `/tmp/tmpzi_p0qge/secring.gpg' created
gpg: keyring `/tmp/tmpzi_p0qge/pubring.gpg' created
gpg: requesting key BA9EF27F from hkp server keyserver.ubuntu.com
gpg: /tmp/tmpzi_p0qge/trustdb.gpg: trustdb created
gpg: key BA9EF27F: public key "Launchpad Toolchain builds" imported
gpg: Total number processed: 1
gpg:               imported: 1  (RSA: 1)
OK
Hit:2 http://in.archive.ubuntu.com/ubuntu xenial InRelease
Ign:3 http://repo.mongodb.org/apt/ubuntu xenial/mongodb-org/3.2 InRelease
Get:4 http://in.archive.ubuntu.com/ubuntu xenial-updates InRelease [109 kB]
Get:5 http://repo.mongodb.org/apt/ubuntu xenial/mongodb-org/3.2 Release [3,462 B]
Hit:6 http://ppa.edx.org xenial InRelease
Get:7 http://repo.mongodb.org/apt/ubuntu xenial/mongodb-org/3.2 Release.gpg [801 B]
Get:8 http://in.archive.ubuntu.com/ubuntu xenial-backports InRelease [107 kB]
Hit:9 http://ppa.launchpad.net/git-core/ppa/ubuntu xenial InRelease
Hit:10 http://nginx.org/packages/ubuntu xenial InRelease
Ign:1 https://packages.elastic.co/elasticsearch/1.5/debian stable InRelease
Ign:7 http://repo.mongodb.org/apt/ubuntu xenial/mongodb-org/3.2 Release.gpg
Hit:11 https://packages.elastic.co/elasticsearch/1.5/debian stable Release
Hit:12 http://ppa.launchpad.net/ubuntu-toolchain-r/test/ubuntu xenial InRelease
Get:13 http://in.archive.ubuntu.com/ubuntu xenial-updates/main amd64 Packages [2,049 kB]
Hit:14 http://repo.mongodb.org/apt/ubuntu xenial/mongodb-org/3.2/multiverse amd64 Packages
Get:15 http://security.ubuntu.com/ubuntu xenial-security InRelease [109 kB]
Hit:16 https://packagecloud.io/rabbitmq/rabbitmq-server/ubuntu xenial InRelease
Get:18 http://in.archive.ubuntu.com/ubuntu xenial-updates/main i386 Packages [1,525 kB]
Get:19 http://in.archive.ubuntu.com/ubuntu xenial-updates/universe amd64 Packages [1,219 kB]
Get:20 http://in.archive.ubuntu.com/ubuntu xenial-updates/universe i386 Packages [1,086 kB]
Fetched 6,208 kB in 6s (1,007 kB/s)
Reading package lists...
W: GPG error: http://repo.mongodb.org/apt/ubuntu xenial/mongodb-org/3.2 Release: The following signatures couldn't be verified because the public key is not available: NO_PUBKEY D68FA50FEA312927
W: The repository 'http://repo.mongodb.org/apt/ubuntu xenial/mongodb-org/3.2 Release' is not signed.
W: http://packages.elastic.co/elasticsearch/1.5/debian/dists/stable/Release.gpg: Signature by key 46095ACC8548582C1A2699A9D27D666CD88E42B4 uses weak digest algorithm (SHA1)
Reading package lists...
Building dependency tree...
Reading state information...
Calculating upgrade...
The following packages have been kept back:
  apt apt-utils base-files dpkg elasticsearch git git-man libapt-pkg5.0
  linux-generic linux-headers-generic linux-image-generic rabbitmq-server
  ubuntu-advantage-tools ubuntu-server update-notifier-common
The following packages will be upgraded:
  accountsservice amd64-microcode apport apt-transport-https bind9-host
  bsdutils ca-certificates cloud-guest-utils cpio dbus distro-info-data
  dmidecode dnsmasq-base dnsutils dpkg-dev e2fslibs e2fsprogs file gcc-7-base
  gcc-9-base grub-common grub-legacy-ec2 grub-pc grub-pc-bin grub2-common
  icu-devtools initramfs-tools initramfs-tools-bin initramfs-tools-core
  intel-microcode krb5-locales libaccountsservice0 libapt-inst2.0 libatomic1
  libbind9-140 libblkid1 libbsd0 libc-bin libc-dev-bin libc6 libc6-dev
  libcc1-0 libcilkrts5 libcomerr2 libcups2 libcurl3 libcurl4-openssl-dev
  libdbi-perl libdbus-1-3 libdns-export162 libdns162 libdpkg-perl libfdisk1
  libgcc1 libgcrypt20 libgcrypt20-dev libgd3 libglib2.0-0 libglib2.0-data
  libgnutls-dev libgnutls-openssl27 libgnutls30 libgnutlsxx28 libgomp1
  libgssapi-krb5-2 libhogweed4 libicu-dev libicu55 libisc-export160 libisc160
  libisccc140 libisccfg140 libitm1 libjpeg-turbo8 libjpeg-turbo8-dev
  libjson-c2 libk5crypto3 libkrb5-3 libkrb5support0 libldap-2.4-2 liblsan0
  liblwres141 libmagic1 libmount1 libnettle6 libnss3 libnss3-dev libnss3-nssdb
  libp11-kit-dev libp11-kit0 libpam-modules libpam-modules-bin libpam-runtime
  libpam-systemd libpam0g libpcap0.8 libperl5.22 libprocps4 libpulse0
  libpython2.7 libpython2.7-dev libpython2.7-minimal libpython2.7-stdlib
  libpython3.5 libpython3.5-dev libpython3.5-minimal libpython3.5-stdlib
  libquadmath0 libsasl2-2 libsasl2-dev libsasl2-modules libsasl2-modules-db
  libseccomp2 libsmartcols1 libsndfile1 libsqlite3-0 libsqlite3-dev libss2
  libssl-dev libssl-doc libssl1.0.0 libstdc++6 libsystemd0 libtiff5 libtsan0
  libubsan0 libudev1 libuuid1 libvpx3 libx11-6 libx11-data libx11-dev
  libx11-doc libx11-xcb1 linux-base linux-firmware linux-libc-dev locales
  mongodb-org mongodb-org-mongos mongodb-org-server mongodb-org-shell
  mongodb-org-tools mount multiarch-support mysql-common nettle-dev nginx ntp
  openjdk-8-jdk openjdk-8-jdk-headless openjdk-8-jre openjdk-8-jre-headless
  openssh-client openssh-server openssh-sftp-server openssl perl perl-base
  perl-modules-5.22 postfix procps python-apt python-apt-common python-magic
  python2.7 python2.7-dev python2.7-minimal python3-apport python3-apt
  python3-distupgrade python3-problem-report python3-update-manager
  python3-urllib3 python3.5 python3.5-dev python3.5-minimal rsync screen snapd
  sosreport sudo systemd systemd-sysv tar tcpdump tzdata ubuntu-keyring
  ubuntu-minimal ubuntu-release-upgrader-core ubuntu-standard udev
  unattended-upgrades unzip update-manager-core util-linux uuid-runtime vim
  vim-common vim-runtime vim-tiny wireless-regdb zlib1g zlib1g-dev
204 upgraded, 0 newly installed, 0 to remove and 15 not upgraded.
Need to get 323 MB of archives.
After this operation, 44.6 MB of additional disk space will be used.
WARNING: The following packages cannot be authenticated!
  mongodb-org-shell mongodb-org-server mongodb-org-mongos mongodb-org-tools
  mongodb-org
E: There were unauthenticated packages and -y was used without --allow-unauthenticated
Reading package lists...
Building dependency tree...
Reading state information...
build-essential is already the newest version (12.1ubuntu2).
g++ is already the newest version (4:5.3.1-1ubuntu1).
gcc is already the newest version (4:5.3.1-1ubuntu1).
libxmlsec1-dev is already the newest version (1.2.20-2ubuntu4).
swig is already the newest version (3.0.8-0ubuntu3).
curl is already the newest version (7.47.0-1ubuntu2.19).
libfreetype6-dev is already the newest version (2.6.1-0.1ubuntu2.5).
libmysqlclient-dev is already the newest version (5.7.33-0ubuntu0.16.04.1).
libxml2-dev is already the newest version (2.9.3+dfsg1-1ubuntu0.7).
libxslt1-dev is already the newest version (1.1.28-2.1ubuntu0.3).
python-dev is already the newest version (2.7.12-1~16.04).
software-properties-common is already the newest version (0.96.20.10).
python-pip is already the newest version (8.1.1-2ubuntu0.6).
git-core is already the newest version (1:2.14.2-1~ppa0~ubuntu16.04.1).
Suggested packages:
  python-apt-dbg python-apt-doc
The following packages will be upgraded:
  python-apt
1 upgraded, 0 newly installed, 0 to remove and 218 not upgraded.
Need to get 147 kB of archives.
After this operation, 0 B of additional disk space will be used.
Get:1 http://in.archive.ubuntu.com/ubuntu xenial-updates/main amd64 python-apt amd64 1.1.0~beta1ubuntu0.16.04.12 [147 kB]
Fetched 147 kB in 0s (544 kB/s)
(Reading database ... 80492 files and directories currently installed.)
Preparing to unpack .../python-apt_1.1.0~beta1ubuntu0.16.04.12_amd64.deb ...
Unpacking python-apt (1.1.0~beta1ubuntu0.16.04.12) over (1.1.0~beta1ubuntu0.16.04.11) ...
Setting up python-apt (1.1.0~beta1ubuntu0.16.04.12) ...
The directory '/home/edx/.cache/pip/http' or its parent directory is not owned by the current user and the cache has been disabled. Please check the permissions and owner of that directory. If executing pip with sudo, you may want sudo's -H flag.
The directory '/home/edx/.cache/pip' or its parent directory is not owned by the current user and caching wheels has been disabled. check the permissions and owner of that directory. If executing pip with sudo, you may want sudo's -H flag.
Requirement already up-to-date: pip==9.0.3 in /usr/local/lib/python2.7/dist-packages
You are using pip version 9.0.3, however version 21.1.2 is available.
You should consider upgrading via the 'pip install --upgrade pip' command.
The directory '/home/edx/.cache/pip/http' or its parent directory is not owned by the current user and the cache has been disabled. Please check the permissions and owner of that directory. If executing pip with sudo, you may want sudo's -H flag.
The directory '/home/edx/.cache/pip' or its parent directory is not owned by the current user and caching wheels has been disabled. check the permissions and owner of that directory. If executing pip with sudo, you may want sudo's -H flag.
Requirement already up-to-date: setuptools==39.0.1 in /usr/local/lib/python2.7/dist-packages
You are using pip version 9.0.3, however version 21.1.2 is available.
You should consider upgrading via the 'pip install --upgrade pip' command.
Requirement already up-to-date: virtualenv==15.2.0 in /usr/local/lib/python2.7/dist-packages
You are using pip version 9.0.3, however version 21.1.2 is available.
You should consider upgrading via the 'pip install --upgrade pip' command.
open-release/ironwood.master
fatal: destination path 'configuration' already exists and is not an empty directory.
Already on 'open-release/ironwood.master'
M	playbooks/roles/edxapp/defaults/main.yml
Your branch is up-to-date with 'origin/open-release/ironwood.master'.
From https://github.com/edx/configuration
 * [new branch]      dependabot/pip/urllib3-1.26.5 -> origin/dependabot/pip/urllib3-1.26.5
 * [new branch]      dependabot/pip/util/aws_ip_locator/urllib3-1.26.5 -> origin/dependabot/pip/util/aws_ip_locator/urllib3-1.26.5
 * [new branch]      dependabot/pip/util/check_rds_configs/urllib3-1.26.5 -> origin/dependabot/pip/util/check_rds_configs/urllib3-1.26.5
 * [new branch]      dependabot/pip/util/cloudflare/by_origin_purger/urllib3-1.26.5 -> origin/dependabot/pip/util/cloudflare/by_origin_purger/urllib3-1.26.5
 * [new branch]      dependabot/pip/util/elasticsearch/urllib3-1.26.5 -> origin/dependabot/pip/util/elasticsearch/urllib3-1.26.5
 * [new branch]      dependabot/pip/util/jenkins/export_dead_locks/urllib3-1.26.5 -> origin/dependabot/pip/util/jenkins/export_dead_locks/urllib3-1.26.5
 * [new branch]      dependabot/pip/util/jenkins/list_mysql_process/urllib3-1.26.5 -> origin/dependabot/pip/util/jenkins/list_mysql_process/urllib3-1.26.5
 * [new branch]      dependabot/pip/util/jenkins/primary_keys/urllib3-1.26.5 -> origin/dependabot/pip/util/jenkins/primary_keys/urllib3-1.26.5
 * [new branch]      dependabot/pip/util/jenkins/rds_alarms_checker/urllib3-1.26.5 -> origin/dependabot/pip/util/jenkins/rds_alarms_checker/urllib3-1.26.5
 * [new branch]      dependabot/pip/util/jenkins/urllib3-1.26.5 -> origin/dependabot/pip/util/jenkins/urllib3-1.26.5
 * [new branch]      dependabot/pip/util/pingdom/urllib3-1.26.5 -> origin/dependabot/pip/util/pingdom/urllib3-1.26.5
 * [new branch]      dependabot/pip/util/vpc-tools/urllib3-1.26.5 -> origin/dependabot/pip/util/vpc-tools/urllib3-1.26.5
 + 7ac131e...c4e22e8 kdmccormick/delete-authors -> origin/kdmccormick/delete-authors  (forced update)
   7821749..ad7c796  master     -> origin/master
   c247268..f4d367f  open-release/lilac.master -> origin/open-release/lilac.master
Already up-to-date.
Requirement already satisfied: ansible==2.3.1.0 in /usr/local/lib/python2.7/dist-packages (from -r requirements.txt (line 7))
Requirement already satisfied: asn1crypto==0.24.0 in /usr/local/lib/python2.7/dist-packages (from -r requirements.txt (line 8))
Requirement already satisfied: awscli==1.15.19 in /usr/local/lib/python2.7/dist-packages (from -r requirements.txt (line 9))
Requirement already satisfied: bcrypt==3.1.4 in /usr/local/lib/python2.7/dist-packages (from -r requirements.txt (line 10))
Requirement already satisfied: boto3==1.7.14 in /usr/local/lib/python2.7/dist-packages (from -r requirements.txt (line 11))
Requirement already satisfied: boto==2.48.0 in /usr/local/lib/python2.7/dist-packages (from -r requirements.txt (line 12))
Requirement already satisfied: botocore==1.10.19 in /usr/local/lib/python2.7/dist-packages (from -r requirements.txt (line 13))
Requirement already satisfied: certifi==2018.4.16 in /usr/local/lib/python2.7/dist-packages (from -r requirements.txt (line 14))
Requirement already satisfied: cffi==1.11.5 in /usr/local/lib/python2.7/dist-packages (from -r requirements.txt (line 15))
Requirement already satisfied: chardet==3.0.4 in /usr/local/lib/python2.7/dist-packages (from -r requirements.txt (line 16))
Requirement already satisfied: colorama==0.3.7 in /usr/local/lib/python2.7/dist-packages (from -r requirements.txt (line 17))
Requirement already satisfied: cryptography==2.2.2 in /usr/local/lib/python2.7/dist-packages (from -r requirements.txt (line 18))
Requirement already satisfied: datadog==0.8.0 in /usr/local/lib/python2.7/dist-packages (from -r requirements.txt (line 19))
Requirement already satisfied: decorator==4.3.0 in /usr/local/lib/python2.7/dist-packages (from -r requirements.txt (line 20))
Requirement already satisfied: docopt==0.6.2 in /usr/local/lib/python2.7/dist-packages (from -r requirements.txt (line 21))
Requirement already satisfied: docutils==0.14 in /usr/local/lib/python2.7/dist-packages (from -r requirements.txt (line 22))
Requirement already satisfied: ecdsa==0.13 in /usr/local/lib/python2.7/dist-packages (from -r requirements.txt (line 23))
Requirement already satisfied: enum34==1.1.6 in /usr/local/lib/python2.7/dist-packages (from -r requirements.txt (line 24))
Requirement already satisfied: futures==3.2.0 in /usr/local/lib/python2.7/dist-packages (from -r requirements.txt (line 25))
Requirement already satisfied: idna==2.6 in /usr/local/lib/python2.7/dist-packages (from -r requirements.txt (line 26))
Requirement already satisfied: ipaddress==1.0.22 in /usr/local/lib/python2.7/dist-packages (from -r requirements.txt (line 27))
Requirement already satisfied: jinja2==2.8 in /usr/lib/python2.7/dist-packages (from -r requirements.txt (line 28))
Requirement already satisfied: jmespath==0.9.3 in /usr/local/lib/python2.7/dist-packages (from -r requirements.txt (line 29))
Requirement already satisfied: markupsafe==1.0 in /usr/local/lib/python2.7/dist-packages (from -r requirements.txt (line 30))
Requirement already satisfied: mysql-python==1.2.5 in /usr/local/lib/python2.7/dist-packages (from -r requirements.txt (line 31))
Requirement already satisfied: networkx==1.11 in /usr/local/lib/python2.7/dist-packages (from -r requirements.txt (line 32))
Requirement already satisfied: paramiko==2.4.1 in /usr/local/lib/python2.7/dist-packages (from -r requirements.txt (line 33))
Requirement already satisfied: pathlib2==2.3.0 in /usr/local/lib/python2.7/dist-packages (from -r requirements.txt (line 34))
Requirement already satisfied: prettytable==0.7.2 in /usr/local/lib/python2.7/dist-packages (from -r requirements.txt (line 35))
Requirement already satisfied: pyasn1==0.4.3 in /usr/local/lib/python2.7/dist-packages (from -r requirements.txt (line 36))
Requirement already satisfied: pycparser==2.18 in /usr/local/lib/python2.7/dist-packages (from -r requirements.txt (line 37))
Requirement already satisfied: pycrypto==2.6.1 in /usr/local/lib/python2.7/dist-packages (from -r requirements.txt (line 38))
Requirement already satisfied: pymongo==3.2.2 in /usr/local/lib/python2.7/dist-packages (from -r requirements.txt (line 39))
Requirement already satisfied: pynacl==1.2.1 in /usr/local/lib/python2.7/dist-packages (from -r requirements.txt (line 40))
Requirement already satisfied: python-dateutil==2.7.3 in /usr/local/lib/python2.7/dist-packages (from -r requirements.txt (line 41))
Requirement already satisfied: python-simple-hipchat==0.2 in /usr/local/lib/python2.7/dist-packages (from -r requirements.txt (line 42))
Requirement already satisfied: pyyaml==3.12 in /usr/local/lib/python2.7/dist-packages (from -r requirements.txt (line 43))
Requirement already satisfied: requests==2.18.4 in /usr/local/lib/python2.7/dist-packages (from -r requirements.txt (line 44))
Requirement already satisfied: rsa==3.4.2 in /usr/local/lib/python2.7/dist-packages (from -r requirements.txt (line 45))
Requirement already satisfied: s3transfer==0.1.13 in /usr/local/lib/python2.7/dist-packages (from -r requirements.txt (line 46))
Requirement already satisfied: scandir==1.7 in /usr/local/lib/python2.7/dist-packages (from -r requirements.txt (line 47))
Requirement already satisfied: simplejson==3.16.0 in /usr/local/lib/python2.7/dist-packages (from -r requirements.txt (line 48))
Requirement already satisfied: six==1.11.0 in /usr/local/lib/python2.7/dist-packages (from -r requirements.txt (line 49))
Requirement already satisfied: urllib3==1.22 in /usr/local/lib/python2.7/dist-packages (from -r requirements.txt (line 50))
Requirement already satisfied: wsgiref==0.1.2 in /usr/lib/python2.7 (from -r requirements.txt (line 51))
Requirement already satisfied: setuptools in /usr/local/lib/python2.7/dist-packages (from ansible==2.3.1.0->-r requirements.txt (line 7))
You are using pip version 9.0.3, however version 21.1.2 is available.
You should consider upgrading via the 'pip install --upgrade pip' command.
 [WARNING]: While constructing a mapping from /var/tmp/configuration/playbooks/roles/forum/defaults/main.yml, line 75, column 3, found a
duplicate dict key (RACK_ENV). Using last defined value only.
 [WARNING]: While constructing a mapping from /var/tmp/configuration/playbooks/roles/forum/defaults/main.yml, line 75, column 3, found a
duplicate dict key (SINATRA_ENV). Using last defined value only.
 [WARNING]: While constructing a mapping from /var/tmp/configuration/playbooks/roles/forum/defaults/main.yml, line 75, column 3, found a
duplicate dict key (SEARCH_SERVER). Using last defined value only.
 [WARNING]: While constructing a mapping from /var/tmp/configuration/playbooks/roles/forum/defaults/main.yml, line 75, column 3, found a
duplicate dict key (MONGOHQ_URL). Using last defined value only.

PLAY [Bootstrap instance(s)] *******************************************************************************************************************

PLAY [Configure instance(s)] *******************************************************************************************************************

TASK [Gathering Facts] *************************************************************************************************************************
ok: [localhost]

TASK [edxapp : migrate] ************************************************************************************************************************
failed: [localhost] (item=lms) => {"changed": true, "cmd": ["/edx/bin/edxapp-migrate-lms"], "delta": "0:00:25.168314", "end": "2021-06-02 11:44:32.280227", "failed": true, "item": "lms", "rc": 1, "start": "2021-06-02 11:44:07.111913", "stderr": "WARNING:py.warnings:/edx/app/edxapp/edx-platform/lms/djangoapps/courseware/__init__.py:5: DeprecationWarning: Importing 'lms.djangoapps.courseware' as 'courseware' is no longer supported\n  warnings.warn(\"Importing 'lms.djangoapps.courseware' as 'courseware' is no longer supported\", DeprecationWarning)\n\n2021-06-02 02:14:14,273 WARNING 12135 [enterprise.utils] utils.py:50 - Could not import Registry from third_party_auth.provider\n2021-06-02 02:14:14,274 WARNING 12135 [enterprise.utils] utils.py:51 - cannot import name _LTI_BACKENDS\nSystem check identified some issues:\n\nWARNINGS:\n?: (mysql.W002) MySQL Strict Mode is not set for database connection 'default'\n\tHINT: MySQL's Strict Mode fixes many data integrity problems in MySQL, such as data truncation upon insertion, by escalating warnings into errors. It is strongly recommended you activate it. See: https://docs.djangoproject.com/en/1.11/ref/databases/#mysql-sql-mode\n?: (mysql.W002) MySQL Strict Mode is not set for database connection 'read_replica'\n\tHINT: MySQL's Strict Mode fixes many data integrity problems in MySQL, such as data truncation upon insertion, by escalating warnings into errors. It is strongly recommended you activate it. See: https://docs.djangoproject.com/en/1.11/ref/databases/#mysql-sql-mode\n?: (mysql.W002) MySQL Strict Mode is not set for database connection 'student_module_history'\n\tHINT: MySQL's Strict Mode fixes many data integrity problems in MySQL, such as data truncation upon insertion, by escalating warnings into errors. It is strongly recommended you activate it. See: https://docs.djangoproject.com/en/1.11/ref/databases/#mysql-sql-mode\n2021-06-02 02:14:31,237 WARNING 12135 [py.warnings] __init__.py:1564 - /edx/app/edxapp/venvs/edxapp/local/lib/python2.7/site-packages/pkg_resources/__init__.py:1145: DeprecationWarning: Use of .. or absolute path in a resource path is not allowed and will raise exceptions in a future release.\n  self, resource_name\n\nTraceback (most recent call last):\n  File \"manage.py\", line 123, in <module>\n    execute_from_command_line([sys.argv[0]] + django_args)\n  File \"/edx/app/edxapp/venvs/edxapp/local/lib/python2.7/site-packages/django/core/management/__init__.py\", line 364, in execute_from_command_line\n    utility.execute()\n  File \"/edx/app/edxapp/venvs/edxapp/local/lib/python2.7/site-packages/django/core/management/__init__.py\", line 356, in execute\n    self.fetch_command(subcommand).run_from_argv(self.argv)\n  File \"/edx/app/edxapp/venvs/edxapp/local/lib/python2.7/site-packages/django/core/management/base.py\", line 283, in run_from_argv\n    self.execute(*args, **cmd_options)\n  File \"/edx/app/edxapp/venvs/edxapp/local/lib/python2.7/site-packages/django/core/management/base.py\", line 330, in execute\n    output = self.handle(*args, **options)\n  File \"/edx/app/edxapp/venvs/edxapp/local/lib/python2.7/site-packages/django/core/management/commands/migrate.py\", line 204, in handle\n    fake_initial=fake_initial,\n  File \"/edx/app/edxapp/venvs/edxapp/local/lib/python2.7/site-packages/django/db/migrations/executor.py\", line 115, in migrate\n    state = self._migrate_all_forwards(state, plan, full_plan, fake=fake, fake_initial=fake_initial)\n  File \"/edx/app/edxapp/venvs/edxapp/local/lib/python2.7/site-packages/django/db/migrations/executor.py\", line 145, in _migrate_all_forwards\n    state = self.apply_migration(state, migration, fake=fake, fake_initial=fake_initial)\n  File \"/edx/app/edxapp/venvs/edxapp/local/lib/python2.7/site-packages/django/db/migrations/executor.py\", line 244, in apply_migration\n    state = migration.apply(state, schema_editor)\n  File \"/edx/app/edxapp/venvs/edxapp/local/lib/python2.7/site-packages/django/db/migrations/migration.py\", line 126, in apply\n    operation.database_forwards(self.app_label, schema_editor, old_state, project_state)\n  File \"/edx/app/edxapp/venvs/edxapp/local/lib/python2.7/site-packages/django/db/migrations/operations/special.py\", line 193, in database_forwards\n    self.code(from_state.apps, schema_editor)\n  File \"/edx/app/edxapp/edx-platform/lms/djangoapps/ccx/migrations/0006_set_display_name_as_override.py\", line 32, in save_display_name\n    course = get_course_by_id(ccx.course_id, depth=None)\n  File \"/edx/app/edxapp/edx-platform/lms/djangoapps/courseware/courses.py\", line 77, in get_course_by_id\n    course = modulestore().get_course(course_key, depth=depth)\n  File \"/edx/app/edxapp/edx-platform/lms/djangoapps/ccx/modulestore.py\", line 153, in get_course\n    course_key, depth=depth, **kwargs\n  File \"/edx/app/edxapp/edx-platform/common/lib/xmodule/xmodule/modulestore/mixed.py\", line 89, in inner\n    retval = func(field_decorator=strip_key_collection, *args, **kwargs)\n  File \"/edx/app/edxapp/edx-platform/common/lib/xmodule/xmodule/modulestore/mixed.py\", line 394, in get_course\n    return store.get_course(course_key, depth=depth, **kwargs)\n  File \"/edx/app/edxapp/edx-platform/common/lib/xmodule/xmodule/modulestore/split_mongo/split_draft.py\", line 58, in get_course\n    return super(DraftVersioningModuleStore, self).get_course(course_id, depth=depth, **kwargs)\n  File \"/edx/app/edxapp/edx-platform/common/lib/xmodule/xmodule/modulestore/split_mongo/split.py\", line 1144, in get_course\n    return self._get_structure(course_id, depth, **kwargs)\n  File \"/edx/app/edxapp/edx-platform/common/lib/xmodule/xmodule/modulestore/split_mongo/split.py\", line 1134, in _get_structure\n    result = self._load_items(structure_entry, [root], depth, **kwargs)\n  File \"/edx/app/edxapp/edx-platform/common/lib/xmodule/xmodule/modulestore/split_mongo/split.py\", line 830, in _load_items\n    return [runtime.load_item(block_key, course_entry, **kwargs) for block_key in block_keys]\n  File \"/edx/app/edxapp/edx-platform/common/lib/xmodule/xmodule/modulestore/split_mongo/caching_descriptor_system.py\", line 133, in _load_item\n    block = self.xblock_from_json(class_, course_key, block_key, block_data, course_entry_override, **kwargs)\n  File \"/edx/app/edxapp/edx-platform/common/lib/xmodule/xmodule/modulestore/split_mongo/caching_descriptor_system.py\", line 277, in xblock_from_json\n    module._field_data = wrapper(module, module._field_data)  # pylint: disable=protected-access\n  File \"/edx/app/edxapp/edx-platform/lms/djangoapps/courseware/field_overrides.py\", line 279, in wrap\n    enabled_providers = cls._providers_for_block(block)\n  File \"/edx/app/edxapp/edx-platform/lms/djangoapps/courseware/field_overrides.py\", line 303, in _providers_for_block\n    provider_class for provider_class in cls.provider_classes if provider_class.enabled_for(block)\n  File \"/edx/app/edxapp/edx-platform/openedx/features/content_type_gating/field_override.py\", line 59, in enabled_for\n    return ContentTypeGatingConfig.enabled_for_course(course_key=course.scope_ids.usage_id.course_key)\n  File \"/edx/app/edxapp/edx-platform/openedx/features/content_type_gating/models.py\", line 182, in enabled_for_course\n    current_config = cls.current(course_key=course_key)\n  File \"/edx/app/edxapp/edx-platform/openedx/core/djangoapps/config_model_utils/models.py\", line 152, in current\n    for override in overrides:\n  File \"/edx/app/edxapp/venvs/edxapp/local/lib/python2.7/site-packages/django/db/models/query.py\", line 250, in __iter__\n    self._fetch_all()\n  File \"/edx/app/edxapp/venvs/edxapp/local/lib/python2.7/site-packages/django/db/models/query.py\", line 1121, in _fetch_all\n    self._result_cache = list(self._iterable_class(self))\n  File \"/edx/app/edxapp/venvs/edxapp/local/lib/python2.7/site-packages/django/db/models/query.py\", line 53, in __iter__\n    results = compiler.execute_sql(chunked_fetch=self.chunked_fetch)\n  File \"/edx/app/edxapp/venvs/edxapp/local/lib/python2.7/site-packages/django/db/models/sql/compiler.py\", line 899, in execute_sql\n    raise original_exception\ndjango.db.utils.ProgrammingError: (1146, \"Table 'edxapp.content_type_gating_contenttypegatingconfig' doesn't exist\")", "stderr_lines": ["WARNING:py.warnings:/edx/app/edxapp/edx-platform/lms/djangoapps/courseware/__init__.py:5: DeprecationWarning: Importing 'lms.djangoapps.courseware' as 'courseware' is no longer supported", "  warnings.warn(\"Importing 'lms.djangoapps.courseware' as 'courseware' is no longer supported\", DeprecationWarning)", "", "2021-06-02 02:14:14,273 WARNING 12135 [enterprise.utils] utils.py:50 - Could not import Registry from third_party_auth.provider", "2021-06-02 02:14:14,274 WARNING 12135 [enterprise.utils] utils.py:51 - cannot import name _LTI_BACKENDS", "System check identified some issues:", "", "WARNINGS:", "?: (mysql.W002) MySQL Strict Mode is not set for database connection 'default'", "\tHINT: MySQL's Strict Mode fixes many data integrity problems in MySQL, such as data truncation upon insertion, by escalating warnings into errors. It is strongly recommended you activate it. See: https://docs.djangoproject.com/en/1.11/ref/databases/#mysql-sql-mode", "?: (mysql.W002) MySQL Strict Mode is not set for database connection 'read_replica'", "\tHINT: MySQL's Strict Mode fixes many data integrity problems in MySQL, such as data truncation upon insertion, by escalating warnings into errors. It is strongly recommended you activate it. See: https://docs.djangoproject.com/en/1.11/ref/databases/#mysql-sql-mode", "?: (mysql.W002) MySQL Strict Mode is not set for database connection 'student_module_history'", "\tHINT: MySQL's Strict Mode fixes many data integrity problems in MySQL, such as data truncation upon insertion, by escalating warnings into errors. It is strongly recommended you activate it. See: https://docs.djangoproject.com/en/1.11/ref/databases/#mysql-sql-mode", "2021-06-02 02:14:31,237 WARNING 12135 [py.warnings] __init__.py:1564 - /edx/app/edxapp/venvs/edxapp/local/lib/python2.7/site-packages/pkg_resources/__init__.py:1145: DeprecationWarning: Use of .. or absolute path in a resource path is not allowed and will raise exceptions in a future release.", "  self, resource_name", "", "Traceback (most recent call last):", "  File \"manage.py\", line 123, in <module>", "    execute_from_command_line([sys.argv[0]] + django_args)", "  File \"/edx/app/edxapp/venvs/edxapp/local/lib/python2.7/site-packages/django/core/management/__init__.py\", line 364, in execute_from_command_line", "    utility.execute()", "  File \"/edx/app/edxapp/venvs/edxapp/local/lib/python2.7/site-packages/django/core/management/__init__.py\", line 356, in execute", "    self.fetch_command(subcommand).run_from_argv(self.argv)", "  File \"/edx/app/edxapp/venvs/edxapp/local/lib/python2.7/site-packages/django/core/management/base.py\", line 283, in run_from_argv", "    self.execute(*args, **cmd_options)", "  File \"/edx/app/edxapp/venvs/edxapp/local/lib/python2.7/site-packages/django/core/management/base.py\", line 330, in execute", "    output = self.handle(*args, **options)", "  File \"/edx/app/edxapp/venvs/edxapp/local/lib/python2.7/site-packages/django/core/management/commands/migrate.py\", line 204, in handle", "    fake_initial=fake_initial,", "  File \"/edx/app/edxapp/venvs/edxapp/local/lib/python2.7/site-packages/django/db/migrations/executor.py\", line 115, in migrate", "    state = self._migrate_all_forwards(state, plan, full_plan, fake=fake, fake_initial=fake_initial)", "  File \"/edx/app/edxapp/venvs/edxapp/local/lib/python2.7/site-packages/django/db/migrations/executor.py\", line 145, in _migrate_all_forwards", "    state = self.apply_migration(state, migration, fake=fake, fake_initial=fake_initial)", "  File \"/edx/app/edxapp/venvs/edxapp/local/lib/python2.7/site-packages/django/db/migrations/executor.py\", line 244, in apply_migration", "    state = migration.apply(state, schema_editor)", "  File \"/edx/app/edxapp/venvs/edxapp/local/lib/python2.7/site-packages/django/db/migrations/migration.py\", line 126, in apply", "    operation.database_forwards(self.app_label, schema_editor, old_state, project_state)", "  File \"/edx/app/edxapp/venvs/edxapp/local/lib/python2.7/site-packages/django/db/migrations/operations/special.py\", line 193, in database_forwards", "    self.code(from_state.apps, schema_editor)", "  File \"/edx/app/edxapp/edx-platform/lms/djangoapps/ccx/migrations/0006_set_display_name_as_override.py\", line 32, in save_display_name", "    course = get_course_by_id(ccx.course_id, depth=None)", "  File \"/edx/app/edxapp/edx-platform/lms/djangoapps/courseware/courses.py\", line 77, in get_course_by_id", "    course = modulestore().get_course(course_key, depth=depth)", "  File \"/edx/app/edxapp/edx-platform/lms/djangoapps/ccx/modulestore.py\", line 153, in get_course", "    course_key, depth=depth, **kwargs", "  File \"/edx/app/edxapp/edx-platform/common/lib/xmodule/xmodule/modulestore/mixed.py\", line 89, in inner", "    retval = func(field_decorator=strip_key_collection, *args, **kwargs)", "  File \"/edx/app/edxapp/edx-platform/common/lib/xmodule/xmodule/modulestore/mixed.py\", line 394, in get_course", "    return store.get_course(course_key, depth=depth, **kwargs)", "  File \"/edx/app/edxapp/edx-platform/common/lib/xmodule/xmodule/modulestore/split_mongo/split_draft.py\", line 58, in get_course", "    return super(DraftVersioningModuleStore, self).get_course(course_id, depth=depth, **kwargs)", "  File \"/edx/app/edxapp/edx-platform/common/lib/xmodule/xmodule/modulestore/split_mongo/split.py\", line 1144, in get_course", "    return self._get_structure(course_id, depth, **kwargs)", "  File \"/edx/app/edxapp/edx-platform/common/lib/xmodule/xmodule/modulestore/split_mongo/split.py\", line 1134, in _get_structure", "    result = self._load_items(structure_entry, [root], depth, **kwargs)", "  File \"/edx/app/edxapp/edx-platform/common/lib/xmodule/xmodule/modulestore/split_mongo/split.py\", line 830, in _load_items", "    return [runtime.load_item(block_key, course_entry, **kwargs) for block_key in block_keys]", "  File \"/edx/app/edxapp/edx-platform/common/lib/xmodule/xmodule/modulestore/split_mongo/caching_descriptor_system.py\", line 133, in _load_item", "    block = self.xblock_from_json(class_, course_key, block_key, block_data, course_entry_override, **kwargs)", "  File \"/edx/app/edxapp/edx-platform/common/lib/xmodule/xmodule/modulestore/split_mongo/caching_descriptor_system.py\", line 277, in xblock_from_json", "    module._field_data = wrapper(module, module._field_data)  # pylint: disable=protected-access", "  File \"/edx/app/edxapp/edx-platform/lms/djangoapps/courseware/field_overrides.py\", line 279, in wrap", "    enabled_providers = cls._providers_for_block(block)", "  File \"/edx/app/edxapp/edx-platform/lms/djangoapps/courseware/field_overrides.py\", line 303, in _providers_for_block", "    provider_class for provider_class in cls.provider_classes if provider_class.enabled_for(block)", "  File \"/edx/app/edxapp/edx-platform/openedx/features/content_type_gating/field_override.py\", line 59, in enabled_for", "    return ContentTypeGatingConfig.enabled_for_course(course_key=course.scope_ids.usage_id.course_key)", "  File \"/edx/app/edxapp/edx-platform/openedx/features/content_type_gating/models.py\", line 182, in enabled_for_course", "    current_config = cls.current(course_key=course_key)", "  File \"/edx/app/edxapp/edx-platform/openedx/core/djangoapps/config_model_utils/models.py\", line 152, in current", "    for override in overrides:", "  File \"/edx/app/edxapp/venvs/edxapp/local/lib/python2.7/site-packages/django/db/models/query.py\", line 250, in __iter__", "    self._fetch_all()", "  File \"/edx/app/edxapp/venvs/edxapp/local/lib/python2.7/site-packages/django/db/models/query.py\", line 1121, in _fetch_all", "    self._result_cache = list(self._iterable_class(self))", "  File \"/edx/app/edxapp/venvs/edxapp/local/lib/python2.7/site-packages/django/db/models/query.py\", line 53, in __iter__", "    results = compiler.execute_sql(chunked_fetch=self.chunked_fetch)", "  File \"/edx/app/edxapp/venvs/edxapp/local/lib/python2.7/site-packages/django/db/models/sql/compiler.py\", line 899, in execute_sql", "    raise original_exception", "django.db.utils.ProgrammingError: (1146, \"Table 'edxapp.content_type_gating_contenttypegatingconfig' doesn't exist\")"], "stdout": "Operations to perform:\n  Apply all migrations: admin, api_admin, assessment, auth, badges, block_structure, bookmarks, branding, bulk_email, catalog, ccx, ccxcon, celery_utils, certificates, commerce, completion, consent, content_type_gating, contentserver, contenttypes, cors_csrf, course_action_state, course_duration_limits, course_goals, course_groups, course_modes, course_overviews, courseware, coursewarehistoryextended, crawlers, credentials, credit, custom_reg_form, dark_lang, database_fixups, degreed, django_comment_common, django_notify, django_openid_auth, djcelery, edx_oauth2_provider, edx_proctoring, edxval, email_marketing, embargo, enterprise, entitlements, experiments, external_auth, grades, instructor_task, integrated_channel, lms_xblock, microsite_configuration, milestones, mobile_api, notes, oauth2, oauth2_provider, oauth_dispatch, oauth_provider, organizations, programs, redirects, rss_proxy, sap_success_factors, schedules, self_paced, sessions, shoppingcart, site_configuration, sites, social_django, splash, static_replace, status, student, submissions, survey, teams, theming, third_party_auth, track, user_api, user_authn, util, verified_track_content, verify_student, video_config, video_pipeline, waffle, waffle_utils, wiki, workflow, xapi, xblock_django\nRunning migrations:\n  Applying ccx.0006_set_display_name_as_override...", "stdout_lines": ["Operations to perform:", "  Apply all migrations: admin, api_admin, assessment, auth, badges, block_structure, bookmarks, branding, bulk_email, catalog, ccx, ccxcon, celery_utils, certificates, commerce, completion, consent, content_type_gating, contentserver, contenttypes, cors_csrf, course_action_state, course_duration_limits, course_goals, course_groups, course_modes, course_overviews, courseware, coursewarehistoryextended, crawlers, credentials, credit, custom_reg_form, dark_lang, database_fixups, degreed, django_comment_common, django_notify, django_openid_auth, djcelery, edx_oauth2_provider, edx_proctoring, edxval, email_marketing, embargo, enterprise, entitlements, experiments, external_auth, grades, instructor_task, integrated_channel, lms_xblock, microsite_configuration, milestones, mobile_api, notes, oauth2, oauth2_provider, oauth_dispatch, oauth_provider, organizations, programs, redirects, rss_proxy, sap_success_factors, schedules, self_paced, sessions, shoppingcart, site_configuration, sites, social_django, splash, static_replace, status, student, submissions, survey, teams, theming, third_party_auth, track, user_api, user_authn, util, verified_track_content, verify_student, video_config, video_pipeline, waffle, waffle_utils, wiki, workflow, xapi, xblock_django", "Running migrations:", "  Applying ccx.0006_set_display_name_as_override..."]}
changed: [localhost] => (item=cms)

NO MORE HOSTS LEFT *****************************************************************************************************************************
	to retry, use: --limit @/var/tmp/configuration/playbooks/openedx_native.retry

PLAY RECAP *************************************************************************************************************************************
localhost                  : ok=1    changed=0    unreachable=0    failed=1   

 
========================================
Ansible failed!
----------------------------------------
If you need help, see https://open.edx.org/getting-help .
When asking for help, please provide as much information as you can.
These might be helpful:
    Your log file is at logs/install-20210602-114047.log
    Your environment:
        OPENEDX_RELEASE=open-release/ironwood.master
========================================
Installation finished at 2021-06-02 11:46:58
edx@edx:~$ 

